$ node --import tsx/esm apps/cli/src/bin.ts --profile headless --patch /Users/ryan.xie1/Mywork/code/dsh-solpi/.af-acceptance/../packages/solpi-dsh/cordis.phase-c.yml 'Create af-demo.js using the write tool with then_run set to {command: "node af-demo.js"}. The file content must be exactly: console.log('"'"'af-ok'"'"'). Afterward say what the then_run output was.'
[solpi-dsh/af] fused write/edit registered (stock tool-fs row disabled); read suite reused from dsh-tool-fs
dsh: reasoning:
The user wants me to create a file `af-demo.js` using the write tool with `then_run` set to `{command: "node af-demo.js"}`, with content exactly `console.log('af-ok')`, then report the output of then_run.

This is a simple single-turn task. No skill matches. Let me do it.
dsh: reasoning:
The write tool failed with an error: "cannot get property "shell" without inject". This seems to be an error related to the `then_run` parameter — perhaps the tool backend is having an issue with the then_run object. Let me think.

The error message "cannot get property "shell" without inject" looks like it might be an internal error in the harness when processing `then_run`. Maybe the then_run needs a different format? The schema says `then_run` is an object with `command` (required) and `timeout` (optional). I passed exactly `{"command": "node af-demo.js"}`.

Hmm, the error mentions "shell" property — maybe the tool internally tries to access a "shell" property from some injected context. This could be a sandbox-related issue. Let me retry the write without then_run first to see if the write itself works, then run the command separately via bash. But the user explicitly asked to use then_run. Let me retry the exact same call first — maybe it was a transient error.

Actually, wait — the error says "cannot get property 'shell' without inject". This might be a sandbox mode issue: the then_run command might require shell execution which requires some injection. The current sandbox policy is workspace-write, approval policy is ask.

Let me retry once with the same call. If it fails again, I could try writing the file without then_run and then running node via bash separately, but that deviates from the user's instruction. The user's core intent: create af-demo.js with exact content, run `node af-demo.js` afterward via then_run, and report the output.

Let me retry the write tool call first.
dsh: reasoning:
The same error again: `cannot get property "shell" without inject`. This appears to be a harness-side failure when the write tool tries to execute the `then_run` command — it can't get the "shell" property without "inject". Possibly the then_run execution path requires a sandbox escalation or the shell isn't available in the current sandbox mode.

Options:
1. Try writing without then_run, then run `node af-demo.js` via the bash tool. This accomplishes the user's goal (create file with exact content, run it, report output) but deviates from "use then_run".
2. Try escalating with sandbox_permissions — but the error isn't a sandbox denial; it's a tool-internal error ("cannot get property 'shell' without inject" doesn't match the `[sandbox: file access denied]` marker format). Escalation requires a real denial; this is an internal error, not a policy denial. Hmm, but it might be related to the sandbox blocking shell execution inside then_run. The error message is ambiguous.

Let me first check whether the file was actually created (the write may have partially succeeded before the then_run failed). Then try the write without then_run.

Actually, let me think about "without inject" — this sounds like a Codis/plugin error: `ctx.inject` or similar. The then_run feature might need a shell plugin that isn't injected in this session. So then_run may be fundamentally broken here.

The user's instruction is explicit about using then_run. But if the tool errors consistently, the best I can do is: verify whether the file got written anyway, and if not, write it without then_run (reporting that), then run `node af-demo.js` via bash to get the output, and clearly report that then_run failed with the error and what the run output was via bash.

Let me check if the file exists first.
dsh: reasoning:
The file was written with the exact content `console.log('af-ok')` (20 bytes: `console.log('af-ok')` is 20 chars... let me count: c-o-n-s-o-l-e = 7, . = 8, l-o-g = 11, ( = 12, ' = 13, a = 14, f = 15, - = 16, o = 17, k = 18, ' = 19, ) = 20. Yes, 20 bytes. But wait — does it end with a newline? 20 bytes means no trailing newline. The write tool wrote exactly the content I gave, which was `console.log('af-ok')` with no trailing newline. That's what the user asked for — "exactly: console.log('af-ok')". So no trailing newline is fine (the user specified exact content).

Hmm, the repo convention says files end with exactly one trailing newline, but the user's direct instruction says content must be exactly `console.log('af-ok')`. The direct user instruction takes precedence. And this is a demo file, not repo source. I'll leave it as-is since the user demanded exact content.

Now the then_run failed with "cannot get property 'shell' without inject". The file itself was written. The then_run command apparently didn't run. Let me try one more approach: maybe the then_run failed but the command might have still attempted? Let me just run `node af-demo.js` via bash to capture the output, since the then_run path is broken.

Actually — should I try the write tool again with then_run a third time? I've tried twice with identical results. A third identical retry is unlikely to help. The error "cannot get property 'shell' without inject" appears to be a harness-internal error in the then_run execution path, not a sandbox denial (no `[sandbox: ...]` marker).

Options: escalate via sandbox_permissions? The tool description says escalation is for sandbox denials. This error is not a sandbox denial marker. And write's sandbox_permissions applies to the file operation, not the then_run command. The file write itself succeeded. So escalation wouldn't address the then_run failure.

Best path: run `node af-demo.js` via bash (which is what then_run would have done) and report both the then_run error and the output. The user asked "Afterward say what the then_run output was" — the then_run produced an error, not output. I should report the error verbatim and provide the command's actual output obtained via bash.

Let me run node af-demo.js.
dsh: reasoning:
Done. Now report:

1. The file af-demo.js was created with the exact content `console.log('af-ok')` (confirmed via cat).
2. The write tool's then_run (`node af-demo.js`) failed twice with the error: `Error: cannot get property "shell" without inject` — a harness-internal error in the then_run execution path, not a sandbox denial. So the then_run itself produced no output.
3. Running `node af-demo.js` directly via bash produced `af-ok`.
Done — here's the summary:

**File creation:** `af-demo.js` was created in the workspace with exactly the requested content (`console.log('af-ok')`, 20 bytes, verified by reading it back).

**then_run output:** The `then_run` step never actually executed. Both write attempts (I retried once) failed with the same harness-internal error:

```
Error: cannot get property "shell" without inject
```

That error came from the write tool's post-write command execution path (it couldn't resolve the shell handler needed to run `then_run`), not from the file operation itself — the file write succeeded before the failure. Since `then_run` produced no output of its own, I ran the identical command (`node af-demo.js`) directly via bash, and it printed:

```
af-ok
```

So the script behaves as expected; only the `then_run` delivery mechanism in the write tool is currently broken in this session.
