$ node --import tsx/esm apps/cli/src/bin.ts --profile headless --patch /Users/ryan.xie1/Mywork/code/dsh-solpi/packages/probe-solpi/cordis.dev.yml 'Call the solpi_probe_echo tool exactly once with name set to Ada. Then answer: (1) quote verbatim every line of the tool result that contains the string [solpi-probe]; (2) state whether a full-copy archive locator path appears in the tool result and if so print that path.'
[solpi-probe] apply() entered; tools service ready = true
[solpi-probe] defineTool resolved: true
[solpi-probe] registered tool solpi_probe_echo
[solpi-probe] tools/post-execute prepend listener installed
dsh: reasoning:
The user wants me to call solpi_probe_echo exactly once with name "Ada", then quote verbatim every line containing "[solpi-probe]" and state whether a full-copy archive locator path appears in the result.

Simple task. Call the tool once.
[solpi-probe] post-execute saw text (first 200 chars): "Hello, Ada! This line comes from the solpi-probe tool body."
[solpi-probe] spill saved: {"locator":"/var/folders/v2/dl02pbcx7gx35y53z5g8fp3h0000gq/T/dsh-spill-0EIqX7/session-c24fe723e5a0/cd53d01479b5-solpi-probe-echo.txt","bytes":59,"hint":"Use read with offset/limit, or grep this path to search within it."}
[solpi-probe] returning accept with replacement length 393
dsh: reasoning:
The tool result contains lines with [solpi-probe]. Let me quote them verbatim.

Lines containing "[solpi-probe]":
1. `[solpi-probe] post-execute intercepted solpi_probe_echo callId=call_11f50c8cea1c441cbd4a2e20`
2. `[solpi-probe] full copy archived: /var/folders/v2/dl02pbcx7gx35y53z5g8fp3h0000gq/T/dsh-spill-0EIqX7/session-c24fe723e5a0/cd53d01479b5-solpi-probe-echo.txt (59 bytes) | hint: Use read with offset/limit, or grep this path to search within it.`

Note the first line of output "Hello, Ada! This line comes from the solpi-probe tool body." — does it contain "[solpi-probe]"? No, it says "solpi-probe tool body" without brackets. The user asked for lines containing the string "[solpi-probe]" — with brackets. So only those two lines.

Full-copy archive locator path: yes — /var/folders/v2/dl02pbcx7gx35y53z5g8fp3h0000gq/T/dsh-spill-0EIqX7/session-c24fe723e5a0/cd53d01479b5-solpi-probe-echo.txt

Answer directly.
Done — `solpi_probe_echo` was called exactly once with name `Ada`.

**(1) Lines containing the string `[solpi-probe]`:**

```
[solpi-probe] post-execute intercepted solpi_probe_echo callId=call_11f50c8cea1c441cbd4a2e20
[solpi-probe] full copy archived: /var/folders/v2/dl02pbcx7gx35y53z5g8fp3h0000gq/T/dsh-spill-0EIqX7/session-c24fe723e5a0/cd53d01479b5-solpi-probe-echo.txt (59 bytes) | hint: Use read with offset/limit, or grep this path to search within it.
```

(For completeness: the first line of the result, `Hello, Ada! This line comes from the solpi-probe tool body.`, mentions `solpi-probe` but does **not** contain the bracketed string `[solpi-probe]`, so it is excluded.)

**(2) Full-copy archive locator path:** Yes, one appears:

```
/var/folders/v2/dl02pbcx7gx35y53z5g8fp3h0000gq/T/dsh-spill-0EIqX7/session-c24fe723e5a0/cd53d01479b5-solpi-probe-echo.txt
```
